{
  "input_tokens": 16,
  "output_text": "。\n桜の木は、桜の花が咲くと、葉が出て、花が散ったあとに、実がなる。\n桜の木は、葉が出る前に、花が咲く。\n葉が出てから、花が咲くまでの期間は、葉が出る前と、花が咲く後で、それぞれ短い。\n葉が出てから、花が咲くまでの期間は、葉が出る前と、花が咲く後で、それぞれ短い。\n葉が出てから、花が咲くまでの期間は、葉が出る前と、花が咲く後で、それぞれ短い。\n葉が出てから、花が咲くまでの期間は、葉が出る前と、花が咲く後で、それぞれ短い。\n葉が出てから、花が咲くまでの期間は、葉が出る前と、花が咲く後で、それぞれ短い。\n葉が出てから、花が咲くまでの期間は、葉が出る前と、花が咲く後で、それぞれ短い。\n葉が出てから、花が咲くまでの期間は、葉が出る前と、花が咲く後で、それぞれ短い。\n葉が出てから、花が咲くまでの期間は、葉が出る前と、花が咲く後で、それぞれ短い。\n葉が出てから、花が咲くまでの期間は、葉が出る前と、花が咲く後で、それぞれ短い。\n葉が出てから、花が咲くまでの期間は、葉が出る前と、花が咲く後で、それぞれ短い。\n葉が出てから、花が咲くまでの期間は、葉が出る前と、花が咲く後で、それぞれ短い。\n葉が出てから、花が咲くまでの期間は、葉が出る前と、花が咲く後で、それぞれ短い。\n葉が出てから、花が咲くまでの期間は、葉が出る前と、花が咲く後で、それぞれ短い。\n葉が出てから、花が咲くまでの期間は、葉が出る前と、花が咲く後で、それぞれ短い。\n葉が出てから、花が咲くまでの期間は、葉が出る前と、花が咲く後で、それぞれ短い。\n葉が出てから、花が咲くまでの期間は、葉が出る前と、花が咲く後で、それぞれ短い。\n葉が出てから、花が咲くまでの期間は、葉が出る前と、花が咲く後で、それぞれ短い。\n葉が出てから、花が咲くまでの期間は、葉が出る前と、花が咲く後で、それぞれ短い。\n葉が出てから、花が咲くまでの期間は、葉が出る前と、花が咲く後で、それぞれ短い。\n葉が出てから、花が咲くまでの期間は、葉が出",
  "output_tokens": 1000,
  "stop_reason": 1
}
