{
  "finish_reason": "stop",
  "index": 0,
  "logprobs": null,
  "prompt_logprobs": null,
  "stop_reason": null,
  "text": ""
}
