{
  "finish_reason": "length",
  "index": 0,
  "logprobs": null,
  "prompt_logprobs": null,
  "stop_reason": null,
  "text": "\n\n1. Labrador Retriever: Known for their friendly, outgoing"
}
