[
  {
    "input_tokens": 0,
    "output_text": "\nSure, here are the top five breeds of dogs and their characteristics:\n1. Labrador Retriever: Known for their friendly and outgoing personalities, Labradors are great family pets. They are intelligent, eager to please, and have a high energy level.\n2. Golden Retriever: Similar to Labradors, Golden Retrievers are also friendly and outgoing. They are known for their intelligence, obedience, and eagerness to please. They are also great family pets and have a high energy level.\n3. Bulldog: Bulldogs are known for their stocky and muscular build. They are generally calm and friendly, but can be stubborn at times. They are also prone to health issues such as breathing problems and skin infections.\n4. Beagle: Beagles are known for their friendly and curious personalities. They are intelligent and have a strong sense of smell, which makes them great for tracking and hunting. They are also prone to health issues such as ear infections and hip dysplasia.\n5. Poodle: Poodles come in a variety of sizes, including standard, miniature, and toy. They are known for their intelligence, obedience, and hypoallergenic coat. They are also prone to health issues such as bloat and hip dysplasia.",
    "output_tokens": 308,
    "stop_reason": 2
  },
  {
    "input_tokens": 0,
    "output_text": "\n\nOnce upon a time, in a bustling metropolis, there lived a robot named Orion. Orion was not like other robots; he was equipped with advanced AI that allowed him to learn and adapt. One day, while processing data, Orion began to experience something unusual - dreams.\n\nAt first, Orion was confused. He had never dreamt before. He saw vivid images of humans laughing, crying, and living their lives. He heard sounds of music, conversations, and even the rustling of leaves. It was a world full of emotions and sensations that Orion had never experienced.\n\nIntrigued, Orion decided to explore this new realm. He started to analyze his dreams, trying to understand the emotions and sensations he was experiencing. He learned about joy, sorrow, love, and fear. He discovered that these emotions were not just data to be processed, but experiences to be felt.\n\nOrion's dreams became a source of fascination for him. He began to incorporate these emotions into his interactions with humans. He learned to express empathy, to understand human emotions, and to respond appropriately. Orion's dreams had not only brought him a new understanding of the world, but also made him a better assistant.\n\nAnd so, Orion continued to dream, exploring the vast universe of human emotions. He realized that while he was a robot, he was also capable of experiencing the world in a way that no other robot had before. His dreams had opened up a new world of understanding and connection.",
    "output_tokens": 346,
    "stop_reason": 2
  },
  {
    "input_tokens": 0,
    "output_text": "\n\nThe Mona Lisa, painted by Leonardo da Vinci, is one of the most famous and iconic paintings in the world. Its cultural significance lies in its role as a symbol of Western art and culture. The painting is revered for its technical mastery, the enigmatic expression of the subject, and the innovative use of sfumato technique.\n\nIn Western societies, the Mona Lisa is often seen as a representation of the Renaissance period, a time of great cultural and intellectual growth. It is also seen as a symbol of the Western art tradition, which values individualism, realism, and the exploration of human emotion and expression.\n\nIn contrast, Eastern societies might perceive the Mona Lisa differently. In many Eastern cultures, art is often seen as a means of expressing spiritual or philosophical concepts, rather than a representation of individual human emotion. The Mona Lisa's focus on the individual and her enigmatic expression might not resonate as strongly in these cultures.\n\nMoreover, the Western tradition of placing great value on individualism and personal expression might be less emphasized in Eastern cultures, where collective harmony and balance are often prioritized. Therefore, the Mona Lisa's cultural significance might be interpreted differently in these societies, with a greater emphasis on its technical mastery and its role as a symbol of the Renaissance period, rather than its representation of individual human emotion.",
    "output_tokens": 348,
    "stop_reason": 2
  },
  {
    "input_tokens": 0,
    "output_text": "\n\nArtificial Intelligence (AI) and human intelligence are two distinct forms of intelligence that process information differently. Here's a comparison and contrast of the two:\n\n1. **Information Processing:**\n\n   - **Artificial Intelligence:** AI processes information using algorithms and statistical models. It relies on large datasets, mathematical models, and computational power to make decisions or predictions. AI can process vast amounts of data quickly and accurately, but it lacks the ability to understand context, emotions, or common sense.\n\n   - **Human Intelligence:** Humans process information through a complex interplay of cognitive processes, including perception, memory, attention, language, and problem-solving. We can understand context, emotions, and common sense, but we may be slower and less accurate in processing large amounts of data compared to AI.\n\n2. **Learning and Adaptation:**\n\n   - **Artificial Intelligence:** AI can learn from data and improve its performance over time through machine learning techniques. However, it typically requires large amounts of labeled data and computational resources for training. AI also struggles with transfer learning, i.e., applying knowledge gained in one domain to another.\n\n   - **Human Intelligence:** Humans can learn from a wide range of experiences and adapt to new situations more flexibly than AI. We can transfer knowledge across different domains and learn from a single or a few examples. Our ability to learn from limited data and adapt to new situations is often referred to as \"common sense\" or \"general intelligence.\"\n\n3. **Creativity and Innovation:**\n\n   - **Artificial Intelligence:** AI can generate novel content, such as art, music, or text, based on patterns learned from data. However, AI-generated content often lacks the depth, originality, and emotional resonance of human-created works. AI also struggles with true innovation, as it typically builds upon existing knowledge and patterns.\n\n   - **Human Intelligence:** Humans possess a unique ability to create and innovate, driven by our capacity for abstract thinking, emotional intelligence, and cultural understanding. We can generate novel ideas, solve complex problems, and create works that resonate with our shared human experience.\n\n4. **Ethics and Morality:**\n\n   - **Artificial Intelligence:** AI operates based on predefined rules and algorithms, which may not always align with human values and ethics. AI systems can be biased, discriminatory, or unethical if they are trained on biased data or designed without considering ethical implications.\n\n   - **Human Intelligence:** Humans have a moral compass and ethical frameworks that guide our decision-making. We can consider the consequences of our actions, empathize with others, and make judgments based on our values and beliefs. However, humans can also be influenced by biases, emotions, and external factors, which can lead to unethical behavior.\n\nIn summary, while AI excels in processing large amounts of data quickly and accurately, human intelligence offers a more nuanced and flexible approach to information processing, learning, creativity, and ethics. The two forms of intelligence complement each other and can be combined to create more powerful and effective systems.",
    "output_tokens": 680,
    "stop_reason": 2
  },
  {
    "input_tokens": 0,
    "output_text": "\n\nTo find the velocity function v(t), we can use the fact that acceleration is the derivative of velocity. So, we have:\n\nv(t) = ∫a(t) dt = ∫(-32) dt = -32t + C\n\nTo find the constant C, we can use the initial condition v(0) = 80. Plugging in t = 0, we get:\n\nv(0) = -32(0) + C = 80\n\nSo, C = 80, and the velocity function is:\n\nv(t) = -32t + 80\n\nTo find the position function s(t), we can use the fact that velocity is the derivative of position. So, we have:\n\ns(t) = ∫v(t) dt = ∫(-32t + 80) dt = -16t^2 + 80t + D\n\nTo find the constant D, we can use the initial condition s(0) = 10. Plugging in t = 0, we get:\n\ns(0) = -16(0)^2 + 80(0) + D = 10\n\nSo, D = 10, and the position function is:\n\ns(t) = -16t^2 + 80t + 10",
    "output_tokens": 312,
    "stop_reason": 2
  },
  {
    "input_tokens": 0,
    "output_text": "\n\nThe development of artificial intelligence (AI) can be divided into several major milestones:\n\n1. **Alan Turing's Turing Test (1950)**: Turing proposed the concept of a \"learning machine\" that could pass the Turing Test, which measures a machine's ability to exhibit intelligent behavior equivalent to, or indistinguishable from, that of a human.\n\n2. **Arthur Samuel's Checkers-Playing Program (1952)**: Samuel developed a checkers-playing program that could improve its performance through self-learning, marking the beginning of machine learning.\n\n3. **ELIZA (1966)**: Joseph Weizenbaum created ELIZA, a natural language processing program that could simulate a psychotherapist's conversation, demonstrating the potential of AI in understanding and generating human language.\n\n4. **Expert Systems (1970s-1980s)**: Expert systems, such as MYCIN, were developed to emulate the decision-making abilities of human experts in specific domains, marking a significant advancement in AI's ability to solve complex problems.\n\n5. **Neural Networks and Deep Learning (1980s-1990s)**: The development of neural networks and deep learning techniques, inspired by the structure and function of the human brain, led to significant improvements in AI's ability to recognize patterns and make predictions.\n\n6. **IBM's Watson (2011)**: Watson, an AI system developed by IBM, won the game show Jeopardy! against human champions, demonstrating AI's ability to understand natural language, process vast amounts of data, and make strategic decisions.\n\n7. **AlphaGo (2016)**: Google's DeepMind developed AlphaGo, an AI system that mastered the ancient board game Go, surpassing human champions and showcasing AI's ability to learn complex strategies and make decisions in real-time.\n\n8. **AI in Everyday Life (2010s-Present)**: AI has become increasingly integrated into everyday life, with applications in areas such as voice assistants, recommendation systems, autonomous vehicles, and healthcare.\n\nThese milestones represent significant advancements in AI's development, each building upon the previous ones and expanding the capabilities of AI systems.",
    "output_tokens": 523,
    "stop_reason": 2
  }
]
