[
  {
    "finish_reason": "stop",
    "index": 0,
    "logprobs": null,
    "prompt_logprobs": null,
    "stop_reason": null,
    "text": ""
  },
  {
    "finish_reason": "stop",
    "index": 0,
    "logprobs": null,
    "prompt_logprobs": null,
    "stop_reason": null,
    "text": ""
  },
  {
    "finish_reason": "stop",
    "index": 0,
    "logprobs": null,
    "prompt_logprobs": null,
    "stop_reason": null,
    "text": ""
  },
  {
    "finish_reason": "stop",
    "index": 0,
    "logprobs": null,
    "prompt_logprobs": null,
    "stop_reason": null,
    "text": ""
  },
  {
    "finish_reason": "length",
    "index": 0,
    "logprobs": null,
    "prompt_logprobs": null,
    "stop_reason": null,
    "text": "\n\nWe start by using the third fundamental theorem of calculus to find"
  },
  {
    "finish_reason": "stop",
    "index": 0,
    "logprobs": null,
    "prompt_logprobs": null,
    "stop_reason": null,
    "text": ""
  }
]
