[
  {
    "input_tokens": 0,
    "output_text": "",
    "output_tokens": 1,
    "stop_reason": 2
  },
  {
    "input_tokens": 0,
    "output_text": "",
    "output_tokens": 1,
    "stop_reason": 2
  },
  {
    "input_tokens": 0,
    "output_text": "",
    "output_tokens": 1,
    "stop_reason": 2
  },
  {
    "input_tokens": 0,
    "output_text": "",
    "output_tokens": 1,
    "stop_reason": 2
  },
  {
    "input_tokens": 0,
    "output_text": "\n\nTo find the velocity function v(t), we can use the fact that acceleration is the derivative of velocity. So, we have:\n\nv(t) = ∫a(t) dt = ∫(-32) dt = -32t + C\n\nTo find the constant C, we can use the initial condition v(0) = 80. Plugging in t = 0, we get:\n\nv(0) = -32(0) + C = 80\n\nSo, C = 80, and the velocity function is:\n\nv(t) = -32t + 80\n\nTo find the position function s(t), we can use the fact that velocity is the derivative of position. So, we have:\n\ns(t) = ∫v(t) dt = ∫(-32t + 80) dt = -16t^2 + 80t + D\n\nTo find the constant D, we can use the initial condition s(0) = 10. Plugging in t = 0, we get:\n\ns(0) = -16(0)^2 + 80(0) + D = 10\n\nSo, D = 10, and the position function is:\n\ns(t) = -16t^2 + 80t + 10",
    "output_tokens": 312,
    "stop_reason": 2
  },
  {
    "input_tokens": 0,
    "output_text": "",
    "output_tokens": 1,
    "stop_reason": 2
  }
]
