{
  "finish_reason": "length",
  "index": 0,
  "logprobs": null,
  "prompt_logprobs": null,
  "stop_reason": null,
  "text": "2.\nâ€œBy the time I got to 17th, one of the"
}
