[
  {
    "finish_reason": "stop",
    "index": 0,
    "logprobs": null,
    "message": {
      "content": "Here is a simple Python code snippet to find even numbers in a list:\n\n```python\ndef find_even_numbers(numbers):\n    even_numbers = [num for num in numbers if num % 2 == 0]\n    return even_numbers\n\n# Example usage:\nnumbers = [1, 2, 3, 4, 5, 6]\nprint(find_even_numbers(numbers))\n```\n\nThis code defines a function `find_even_numbers` that takes a list of numbers as input and returns a new list containing only the even numbers from the input list. The function uses a list comprehension to iterate over each number in the input list and checks if the number is even by using the modulus operator (`%`). If the remainder of the division is 0, the number is even and is added to the new list.",
      "role": "assistant",
      "tool_calls": []
    },
    "stop_reason": null
  },
  {
    "finish_reason": "stop",
    "index": 0,
    "logprobs": null,
    "message": {
      "content": "1. Sentence: SpellForce 3 is a bad game.\n\t* Meaning: The game SpellForce 3 has negative qualities.\n2. Sentence: The developer Grimlore Games is a bunch of no-talent hacks.\n\t* Meaning: The developer Grimlore Games lacks talent and skill.\n3. Sentence: 2017 was a terrible year for games.\n\t* Meaning: The year 2017 had a high number of poor-quality games.\n\nThe underlying meaning representation of the input sentence can be constructed as a single function with attributes and attribute values:\n\nfunction(sentence) {\n\tif (sentence.includes(\"SpellForce 3 is a bad game\")) {\n\t\treturn {\n\t\t\t\"game_quality\": \"negative\",\n\t\t\t\"game\": \"SpellForce 3\"\n\t\t};\n\t} else if (sentence.includes(\"developer Grimlore Games is a bunch of no-talent hacks\")) {\n\t\treturn {\n\t\t\t\"developer_talent\": \"lacking\",\n\t\t\t\"developer\": \"Grimlore Games\"\n\t\t};\n\t} else if (sentence.includes(\"2017 was a terrible year for games\")) {\n\t\treturn {\n\t\t\t\"year_quality\": \"poor\",\n\t\t\t\"year\": \"2017\",\n\t\t\t\"games_quality\": \"poor\"\n\t\t};\n\t}\n}",
      "role": "assistant",
      "tool_calls": []
    },
    "stop_reason": null
  }
]
