"max_sequence_length: 8192\nmax_new_tokens: 1024\n"
