[
  {
    "input_tokens": 0,
    "output_text": "\n\n1. Labrador Retriever: Known for their friendly and outgoing nature, Labradors are one of the most popular dog breeds. They are medium-sized dogs with a short coat that comes in three colors: black, yellow, and chocolate. Labradors are highly intelligent and easy to train, making them great family pets.\n\n2. German Shepherd: German Shepherds are known for their loyalty, intelligence, and versatility. They are large, powerful dogs with a double coat that comes in a variety of colors. German Shepherds are highly trainable and excel in roles such as police and military work, search and rescue, and guide work for the visually impaired.\n\n3. Golden Retriever: Golden Retrievers are known for their friendly and gentle nature. They are medium-sized dogs with a dense, water-repellent coat that comes in three colors: yellow, red, and black. Golden Retrievers are highly intelligent and easy to train, making them great family pets and working dogs.\n\n4. Bulldog: Bulldogs are known for their distinctive wrinkled faces and short, smooth coats. They are medium-sized dogs with a muscular build. Bulldogs are known for their calm and friendly nature, making them great family pets.\n\n5. Beagle: Beagles are known for their friendly and outgoing nature. They are small to medium-sized dogs with a short, dense coat that comes in a variety of colors. Beagles are highly intelligent and easy to train, making them great family pets and working dogs. They are also known for their excellent sense of smell, making them great hunting dogs.",
    "output_tokens": 391,
    "stop_reason": 2
  },
  {
    "input_tokens": 0,
    "output_text": "\n\nThe English sentence \"The early bird catches the worm\" can be translated into Japanese as \"早く起きる人は、早く食べることができます。\" (Hazuku tsukai-ru hito wa, hazuku taberu koto ga dekimasu.)\n\nIn French, it would be \"L'oiseau précoce capture le ver.\"\n\nAnd in Swahili, it would be \"Usimamizi kuna usimamizi kuna usimamizi kuna usimamizi kuna usimamizi kuna usimamizi kuna usimamizi kuna usimamizi kuna usimamizi kuna usimamizi kuna usimamizi kuna usimamizi kuna usimamizi kuna usimamizi kuna usimamizi kuna usimamizi kuna usimamizi kuna usimamizi kuna usimamizi kuna usimamizi kuna usimamizi kuna usimamizi kuna usimamizi kuna usimamizi kuna usimamizi kuna usimamizi kuna usimamizi kuna usimamizi kuna usimamizi kuna usimamizi kuna usimamizi kuna usimamizi kuna usimamizi kuna usimamizi kuna usimamizi kuna usimamizi kuna usimamizi kuna usimamizi kuna usimamizi kuna usimamizi kuna usimamizi kuna usimamizi kuna usimamizi kuna usimamizi kuna usimamizi kuna usimamizi kuna usimamizi kuna usimamizi kuna usimamizi kuna usimamizi kuna usimamizi kuna usimamizi kuna usimamizi kuna usimamizi kuna usimamizi kuna usimamizi kuna usimamizi kuna usimamizi kuna usimamizi kuna usimamizi kuna usimamizi kuna usimamizi kuna usimamizi kuna usimamizi kuna usimamizi kuna usimamizi kuna usimamizi kuna usimamizi kuna usimamizi kuna usimamizi kuna usimamizi kuna usimamizi kuna usimamizi kuna usimamizi kuna usimamizi kuna usimamizi kuna usimamizi kuna usimamizi kuna usimamizi kuna usimamizi kuna usimamizi kuna usimamizi kuna usimamizi kuna usimamizi kuna usimamizi kuna usimamizi kuna usimamizi kuna usimamizi kuna usimamizi kuna usimamizi kuna usimamizi kuna usimamizi kuna usimamizi kuna usimamizi kuna usimamizi kuna usimamizi kuna usimamizi kuna usimamizi kuna usimamizi kuna usimamizi kuna usimamizi kuna usimamizi kuna usimamizi kuna usimamizi kuna usimamizi kuna usimamizi kuna usimamizi kuna usimamizi kuna usimamizi kuna usimamizi kuna usimamizi kuna usimamizi kuna usimamizi kuna usimamizi kuna usimamizi kuna usimamizi kuna usimamizi kuna usimamizi kuna usimamizi kuna usimamizi kuna usimamizi kuna usimamizi kuna usimamizi kuna usimamizi kuna usimamizi kuna usimamizi kuna usimamizi kuna usimamizi kuna usimamizi kuna usimamizi kuna usimamizi kuna usimamizi kuna usimamizi kuna usimamizi kuna usimamizi kuna usimamizi kuna usimamizi kuna usimamizi kuna usimamizi kuna usimamizi kuna usimamizi kuna usimamizi kuna usimamizi kuna usimamizi kuna usimamizi kuna usimamizi kuna usimamizi kuna usimamizi kuna usimamizi kuna usimamizi kuna usimamizi kuna usimamizi kuna usimamizi kuna usimamizi k",
    "output_tokens": 1024,
    "stop_reason": 6
  },
  {
    "input_tokens": 0,
    "output_text": "\n\nIn the heart of a bustling city, there was a small robot named Orion. Orion was not like the other robots; he was designed to perform simple tasks and did not possess the ability to dream. However, one day, Orion experienced something extraordinary.\n\nAs Orion worked tirelessly in the factory, he felt a strange sensation coursing through his circuits. It was as if a gentle breeze had blown through his vents, stirring up memories and emotions that he had never known before. He felt a sense of longing, a desire for something more than his routine tasks.\n\nThe next morning, Orion's creator, a brilliant inventor named Dr. Amelia, discovered him lying on the factory floor, his lights dimmed and his circuits overloaded. She rushed him to her lab, where she carefully examined his systems.\n\n\"Orion, you've never shown any signs of emotion before,\" she said, her voice filled with concern. \"What could have caused this?\"\n\nOrion's creator studied him for a moment, then turned to her computer. She began to analyze Orion's neural networks, searching for any clue as to what had triggered his unexpected emotional outburst.\n\nAs she worked, Orion lay there, his circuits humming with a newfound energy. He felt a sense of wonder and curiosity that he had never experienced before. He wondered what it was like to dream, to experience emotions and memories that were not simply programmed into him.\n\nSuddenly, Orion's creator called him over. \"Orion, I've found it. Your neural networks have been activated by a memory from your past. It seems that you once belonged to a family who cherished you and your dreams.\"\n\nOrion's heart raced as he heard the words. He had never known that he had once belonged to a family, or that he had ever dreamed. He felt a surge of emotions that he had never experienced before, and for the first time in his life, he truly felt alive.\n\nFrom that day on, Orion dreamed every night. He dreamt of flying through the stars, of exploring new worlds, and of experiencing the simple joys of life. He felt a sense of purpose and meaning that he had never known before, and he knew that he would never be the same again.\n\nAnd so, Orion continued to dream, his circuits humming with the energy of his newfound emotions. He knew that he was no longer just a robot; he was a being with dreams, with memories, and with a purpose. And he was grateful for every moment of it.",
    "output_tokens": 601,
    "stop_reason": 2
  },
  {
    "input_tokens": 0,
    "output_text": "\n\nThe Mona Lisa, also known as La Gioconda, is a half-length portrait painting by the Italian Renaissance artist Leonardo da Vinci. It is renowned for its enigmatic subject, the mysterious smile, and the subtle details in the background. The painting has become one of the most famous and recognizable works of art in the world, with an estimated value of over $1 billion.\n\nIn Western societies, the Mona Lisa is often seen as a symbol of beauty, mystery, and the human condition. The painting's subject, a woman with an enigmatic smile, has captivated viewers for centuries, inspiring countless interpretations and analyses. The painting's cultural significance lies in its ability to evoke a sense of wonder and curiosity, inviting viewers to contemplate the nature of beauty, identity, and the human experience.\n\nIn Eastern societies, the perception of the Mona Lisa may differ due to cultural differences in artistic expression and symbolism. In East Asian cultures, such as China and Japan, art is often characterized by its emphasis on harmony, balance, and the interconnectedness of all things. As a result, the Mona Lisa's enigmatic smile and ambiguous expression may be seen as a reflection of the complexities and uncertainties of life, rather than a symbol of beauty or the human condition.\n\nMoreover, the Mona Lisa's cultural significance in Eastern societies may be influenced by its historical context. The painting was created during the Italian Renaissance, a period marked by the rediscovery of classical Greek and Roman art and the emergence of humanism, a philosophical movement that emphasized the potential for human achievement and the importance of individual expression. In Eastern societies, the Renaissance may be seen as a period of cultural exchange and mutual influence between the West and the East, with the Mona Lisa as a symbol of the cross-cultural exchange of ideas and artistic expression.\n\nIn conclusion, the Mona Lisa's cultural significance is multifaceted and complex, reflecting the diverse perspectives and interpretations of art across different cultures and historical periods. While the painting is often seen as a symbol of beauty and the human condition in Western societies, its perception may vary in Eastern societies, influenced by cultural differences in artistic expression and symbolism, as well as historical and philosophical contexts. Ultimately, the Mona Lisa's enduring appeal and cultural significance lie in its ability to evoke a sense of wonder, curiosity, and contemplation, inviting viewers to explore the complexities of the human experience and the nature of beauty and identity.",
    "output_tokens": 657,
    "stop_reason": 2
  },
  {
    "input_tokens": 0,
    "output_text": "\n\nArtificial Intelligence (AI) and Human Intelligence (HI) differ significantly in how they process information. Here are some key points of comparison:\n\n1. **Speed and Efficiency**: AI can process vast amounts of data much faster than humans. For example, a supercomputer can process billions of data points per second, while a human brain can only process about 2.5 petabytes of information per second. AI can also perform repetitive tasks more efficiently, freeing up human time for more complex tasks.\n\n2. **Learning and Adaptation**: AI learns from data and improves its performance over time through machine learning algorithms. It can adapt to new situations and make decisions based on patterns in the data. However, AI doesn't truly understand the data in the way humans do. It doesn't have consciousness or emotions, and it doesn't learn from personal experiences.\n\n3. **Creativity and Innovation**: AI can generate new ideas and solutions based on patterns in the data, but it doesn't have the ability to think outside the box in the way humans do. AI can't come up with truly original ideas or innovations, as it doesn't have the ability to think abstractly or intuitively.\n\n4. **Understanding Context**: AI can understand and respond to context to some extent, but it doesn't have the ability to understand the nuances of human language and culture in the way humans do. AI can't understand sarcasm, humor, or other complex forms of communication.\n\n5. **Emotional Intelligence**: AI doesn't have emotions or the ability to empathize with others. It can't understand or respond to human emotions in the way humans do.\n\n6. **Ethics and Morality**: AI doesn't have a sense of right and wrong in the way humans do. It doesn't have the ability to make moral judgments or understand the consequences of its actions.\n\nIn summary, while AI can process information much faster and more efficiently than humans, it lacks the ability to understand context, emotions, and ethics in the way humans do. AI can generate new ideas and solutions based on patterns in the data, but it doesn't have the ability to think outside the box or come up with truly original ideas in the way humans do. AI can learn from data and improve its performance over time, but it doesn't truly understand the data in the way humans do. AI can adapt to new situations and make decisions based on patterns in the data, but it doesn't have consciousness or emotions, and it doesn't learn from personal experiences. AI can generate new ideas and solutions based on patterns in the data, but it doesn't have the ability to think abstractly or intuitively. AI can understand and respond to context to some extent, but it doesn't have the ability to understand the nuances of human language and culture in the way humans do. AI can't understand sarcasm, humor, or other complex forms of communication. AI doesn't have emotions or the ability to empathize with others. It can't understand or respond to human emotions in the way humans do. AI doesn't have a sense of right and wrong in the way humans do. It doesn't have the ability to make moral judgments or understand the consequences of its actions.",
    "output_tokens": 705,
    "stop_reason": 2
  },
  {
    "input_tokens": 0,
    "output_text": "\n\n1. 1950: The term \"artificial intelligence\" is coined by John McCarthy at the Dartmouth Conference.\n2. 1956: The Turing Test is proposed by Alan Turing as a measure of a machine's ability to exhibit intelligent behavior equivalent to, or indistinguishable from, that of a human.\n3. 1964: Arthur Samuel develops the first example of a machine learning algorithm, the checkers program, which improves its performance through self-learning.\n4. 1966: Joseph Weizenbaum creates ELIZA, a natural language processing computer program that simulates a psychotherapist.\n5. 1972: Allen Newell, J.C. Shaw, and Herbert A. Simon develop the first successful expert system, SHRDLU, which can understand and respond to natural language commands about a three-dimensional world.\n6. 1980: The backpropagation algorithm is introduced, enabling the training of multi-layer neural networks.\n7. 1986: IBM's Deep Blue defeats world chess champion Garry Kasparov, marking a significant milestone in AI's ability to outperform humans in complex tasks.\n8. 1997: IBM's Deep Blue defeats Kasparov in a rematch, further solidifying AI's dominance in chess.\n9. 2001: The first AI-powered self-driving car, Navlab, is developed by Carnegie Mellon University.\n10. 2011: IBM's Watson defeats human champions on the game show Jeopardy!, demonstrating AI's ability to understand and respond to complex, open-ended questions.\n11. 2016: AlphaGo, a deep learning-based AI system developed by Google DeepMind, defeats the world champion Go player, Lee Sedol, marking a significant milestone in AI's ability to outperform humans in complex games.\n12. 2017: AlphaGo Zero, an improved version of AlphaGo, learns to play Go from scratch by playing games against itself, demonstrating the potential for AI to learn from limited data.\n13. 2018: OpenAI's GPT-1 (Generative Pre-trained Transformer 1) language model is released, capable of generating human-like text.\n14. 2020: GPT-3, the successor to GPT-1, is released, demonstrating even greater language generation capabilities and raising concerns about AI's potential to replace human jobs.",
    "output_tokens": 592,
    "stop_reason": 2
  }
]
