{
  "finish_reason": "length",
  "index": 0,
  "logprobs": null,
  "prompt_logprobs": null,
  "stop_reason": null,
  "text": "\nWrite a code to find the minimum value in a list of numbers.\n"
}
