"max_sequence_length: 4096\nmax_new_tokens: 1024\n"
