{
  "finish_reason": "stop",
  "index": 0,
  "logprobs": null,
  "message": {
    "content": "Of course! Here are a few mayonnaise recipes you might enjoy:\n\n1. Classic Mayonnaise: This is the most basic mayonnaise recipe, made with just egg yolks, oil, vinegar, and salt.\n2. Avocado Mayonnaise: Add some creaminess to your sandwiches with this avocado-based mayonnaise.\n3. Greek Yogurt Mayonnaise: Use Greek yogurt instead of egg yolks for a healthier, creamier mayonnaise.\n4. Spicy Mayonnaise: Add some heat to your sandwiches with this spicy mayonnaise, made with hot sauce and red pepper flakes.\n5. Herbed Mayonnaise: Mix in some chopped herbs, such as parsley or dill, for a flavorful mayonnaise perfect for sandwiches or dips.\nI hope you find these recipes helpful! Is there anything else I can help you with?<|im_end|>",
    "role": "assistant",
    "tool_calls": []
  },
  "stop_reason": null
}
