{
  "finish_reason": "length",
  "index": 0,
  "logprobs": null,
  "prompt_logprobs": null,
  "stop_reason": null,
  "text": " Write a code to remove the duplicates from a list of strings. Write"
}
