{
  "input_tokens": 0,
  "output_text": "\n\nFor example, if the list is [1, 2, 3, 4, 5], the maximum value is 5.\n\nWrite a code to find the maximum value in a list of numbers.\n\nHere is a sample code that finds the maximum value in a list of numbers:\n\n```\ndef maximum(numbers):\n    return max(numbers)\n```\n\nExplanation:\n\nThe `maximum` function takes a list of numbers as input and returns the maximum value in the list.\n\nFor example, if the list is `[1, 2, 3, 4, 5]`, the function will return `5`, which is the maximum value in the list.\n\nHere is an example of how to use the `maximum` function:\n\n```\nnumbers = [1, 2, 3, 4, 5]\nmaximum(numbers)  # Output: 5\n\n```\nnumbers = [10, 2, 3, 4, 5]\nmaximum(numbers)  # Output: 10\n\n```\nnumbers = [100, 2, 3, 4, 5]\nmaximum(numbers)  # Output: 100\n\n```\nIn this example, the `maximum` function is used to find the largest value in a list of numbers.\n\nNote: The `maximum` function only works with lists of numbers, not other data types.\n\nHere is an example of how to use the `maximum` function in a Python script:\n\n```\n# Define a list of numbers\nnumbers = [1, 2, 3, 4, 5]\n# Find the maximum value in the list\nmaximum(numbers)  # Output: 5\n\n```\n# Find the maximum value in a list of numbers\nnumbers = [10, 2, 3, 4, 5]\nmaximum(numbers)  # Output: 10\n\n```\n# Find the maximum value in a list of numbers\nnumbers = [100, 2, 3, 4, 5]\nmaximum(numbers)  # Output: 100\n\n```\nIn this example, the `maximum` function is used to find the largest value in a list of numbers.\n\nNote: The `maximum` function only works with lists of numbers, not other data types.\n\n```\n# Use the `maximum` function to find the largest value in a list of numbers\nnumbers = [1, 2, 3, 4, 5]\nmaximum(numbers)  # Output: 5\n\n```\n# Use the `maximum` function to find the largest value in a list of numbers\nnumbers = [10, 2, 3, 4, 5]\nmaximum(numbers)  # Output: 10\n\n```\nIn this example, the `maximum` function is used to find the largest value in a list of numbers.\n\n\nNote: The `maximum` function only works with lists of numbers, not other data types.\n\n\n```\n# Use the `maximum` function to find the largest value in a list of numbers\nnumbers = [1, 2, 3, 4, 5]\nmaximum(numbers)  # Output: 5\n\n\n```\nIn this example, the `maximum` function is used to find the largest value in a list of numbers.\n\n\nNote: The `maximum` function only works with lists of numbers, not other data types.\n\n\n\n```\n# Use the `maximum` function to find the largest value in a list of numbers\nnumbers = [10, 2, 3, 4, 5]\nmaximum(numbers)  # Output: 10\n\n\n\nIn this example, the `maximum` function is used to find the largest value in a list of numbers.\n\n\n\nNote: The `maximum` function only works with lists of numbers, not other data types.\n\n\n\n```\n# Use the `maximum` function to find the largest value in a list of numbers\nnumbers = [1, 2, 3, 4, 5]\nmaximum(numbers)  # Output: 5\n\n\n\nIn this example, the `maximum` function is used to find the largest value in a list of numbers.\n\n\n\nNote: The `maximum` function only works",
  "output_tokens": 1000,
  "stop_reason": 1
}
