{
  "finish_reason": "length",
  "index": 0,
  "logprobs": null,
  "prompt_logprobs": null,
  "stop_reason": null,
  "text": "\ndef max_val(numbers):\n    max_val = numbers"
}
