[
  {
    "finish_reason": "stop",
    "index": 0,
    "logprobs": null,
    "message": {
      "content": "Here's a simple Python code that finds even numbers:\n\n```python\n# Take user input\nnum = int(input(\"Enter a number: \"))\n\n# Check if the number is even\nif num % 2 == 0:\n    print(f\"{num} is an even number.\")\nelse:\n    print(f\"{num} is an odd number.\")\n```\n\nYou can run this code and test it by entering different numbers.",
      "role": "assistant",
      "tool_calls": []
    },
    "stop_reason": null
  },
  {
    "finish_reason": "stop",
    "index": 0,
    "logprobs": null,
    "message": {
      "content": "game_title: \"SpellForce 3\"\ngame_quality: \"bad\"\ndeveloper: \"Grimlore Games\"\ndeveloper_talent: \"no-talent hacks\"\nyear: \"2017\"\nyear_quality: \"terrible\"\ngenre: \"games\"",
      "role": "assistant",
      "tool_calls": []
    },
    "stop_reason": null
  }
]
