"max_sequence_length: 32768\nmax_new_tokens: 1024\n"
