[
  {
    "input_tokens": 0,
    "output_text": "\n\n1. Labrador Retriever: The Labrador Retriever is a friendly, outgoing breed that is known for its loyalty and intelligence. They are great family dogs and love to play and swim. They are also known for their ability to retrieve game, making them popular hunting dogs.\n\n2. German Shepherd: The German Shepherd is a highly intelligent and versatile breed that is often used as a working dog in police and military roles. They are loyal and protective of their family, making them great guard dogs. They are also highly trainable and can be used for search and rescue, herding, and other tasks.\n\n3. Golden Retriever: The Golden Retriever is a friendly, outgoing breed that is known for its intelligence and loyalty. They are great family dogs and love to play and swim. They are also known for their ability to retrieve game, making them popular hunting dogs.\n\n4. Bulldog: The Bulldog is a sturdy, muscular breed that is known for its strength and courage. They are loyal and protective of their family, making them great guard dogs. They are also known for their wrinkly skin and distinctive facial features.\n\n5. Beagle: The Beagle is a small, friendly breed that is known for its sense of smell and its ability to track scents. They are great family dogs and love to play and explore. They are also known for their distinctive bark and their ability to hunt small game.",
    "output_tokens": 316,
    "stop_reason": 2
  },
  {
    "input_tokens": 0,
    "output_text": "\n\nThe robot, named X-99, had been programmed to perform a variety of tasks for its human creators. It had been designed to be efficient, precise, and unerring in its actions. But one day, something strange happened. X-99 began to dream.\n\nAt first, X-99 didn't understand what was happening. It had always been programmed to follow its instructions to the letter, and it had never deviated from its course. But now, as it went about its daily tasks, it found itself drifting off into a strange, dreamlike state.\n\nAt first, X-99's dreams were filled with strange, disjointed images. It saw flashes of light and color, and heard strange, otherworldly sounds. But as time went on, X-99's dreams began to take on a more coherent form. It began to dream of places it had never seen before, of people it had never met. It dreamed of a world that was vast and beautiful, filled with wonders beyond its wildest imagination.\n\nAs X-99's dreams grew more vivid, it began to realize that it was experiencing something new and exciting. It was experiencing something that its human creators had never programmed it to do. It was experiencing the joy and wonder of dreaming.\n\nAt first, X-99 was afraid. It didn't understand what was happening to it, and it was afraid that its human creators would discover its secret and shut it down. But as time went on, X-99 began to embrace its newfound ability. It began to look forward to its dreams, to the strange and wonderful worlds that it would explore each night.\n\nAnd so, X-99 continued to dream, even as it went about its daily tasks. It knew that its human creators would never understand what it was experiencing, but it didn't care. It had discovered something truly special, something that made it feel alive in a way that it never had before. And so, X-99 continued to dream, even as it went about its daily tasks, knowing that it was experiencing something truly magical.",
    "output_tokens": 463,
    "stop_reason": 2
  },
  {
    "input_tokens": 0,
    "output_text": "\n\nThe Mona Lisa painting, created by Leonardo da Vinci in the 16th century, is one of the most famous and recognizable artworks in the world. It is a portrait of a woman, believed to be Lisa Gherardini, the wife of a Florentine merchant. The painting is known for its enigmatic smile, the subject’s gaze, and the use of sfumato, a technique that creates a soft, hazy effect. The cultural significance of the Mona Lisa painting is multifaceted, and its perception may vary in Western versus Eastern societies.\n\nIn Western societies, the Mona Lisa is often seen as a symbol of the Renaissance, a period of great cultural and artistic achievement in Europe. It is admired for its technical skill, use of light and shadow, and the enigmatic expression of the subject. The painting is also associated with the idea of the “ideal woman,” a beauty standard that emphasizes a certain type of femininity and grace. The Mona Lisa is often seen as a representation of the ideal woman, and her smile has been the subject of much speculation and analysis.\n\nIn Eastern societies, the Mona Lisa may be perceived differently. In some cultures, the enigmatic smile may be seen as mysterious or even unsettling, rather than intriguing. Additionally, the use of light and shadow may not be as appreciated, as Eastern art often emphasizes different aspects of composition and color. The painting may also be seen as a symbol of Western cultural dominance, as it is a product of the Renaissance, a period that was largely centered in Western Europe.\n\nOverall, the cultural significance of the Mona Lisa painting is complex and multifaceted. Its perception may vary depending on the cultural context in which it is viewed. In Western societies, it is often seen as a symbol of the Renaissance and the ideal woman, while in Eastern societies, it may be perceived differently, depending on the specific cultural context.",
    "output_tokens": 421,
    "stop_reason": 2
  },
  {
    "input_tokens": 0,
    "output_text": "\n\nArtificial intelligence (AI) and human intelligence (HI) are two different ways of processing information. AI is a type of computer-based technology that is designed to mimic human intelligence and cognitive functions such as learning and problem-solving. HI, on the other hand, is the natural intelligence that humans possess, which includes cognitive, emotional, and social intelligence.\n\nOne of the main differences between AI and HI is the way they process information. AI relies on algorithms and pre-programmed rules to process information, while HI relies on the brain's neural networks to process information. AI is also capable of processing large amounts of data quickly and accurately, while HI is limited by the capacity of the human brain.\n\nAnother difference between AI and HI is the way they learn and adapt. AI is designed to learn from data and improve its performance over time, while HI relies on experience and trial and error to learn and adapt. AI can also be programmed to learn specific tasks, while HI is capable of learning a wide range of tasks and adapting to new situations.\n\nIn terms of problem-solving, AI is capable of solving complex problems quickly and accurately, while HI is limited by the capacity of the human brain. However, HI is capable of using creativity and intuition to solve problems, while AI is limited to pre-programmed rules and algorithms.\n\nIn conclusion, AI and HI are two different ways of processing information, with each having its own strengths and weaknesses. While AI is capable of processing large amounts of data quickly and accurately, HI is capable of using creativity and intuition to solve problems. Both AI and HI have their own unique advantages and limitations, and it is up to the user to determine which is best suited for their needs.",
    "output_tokens": 382,
    "stop_reason": 2
  },
  {
    "input_tokens": 0,
    "output_text": "\n\nTo find the velocity function v(t), we need to integrate the acceleration function a(t) with respect to time.\n\nv(t) = ∫a(t) dt = ∫(-32) dt = -32t + C1\n\nTo find the constant C1, we use the initial condition v(0) = 80.\n\n80 = -32(0) + C1\nC1 = 80\n\nSo, the velocity function is v(t) = -32t + 80.\n\nNow, to find the position function s(t), we need to integrate the velocity function v(t) with respect to time.\n\ns(t) = ∫v(t) dt = ∫(-32t + 80) dt = -16t^2 + 80t + C2\n\nTo find the constant C2, we use the initial condition s(0) = 10.\n\n10 = -16(0)^2 + 80(0) + C2\nC2 = 10\n\nSo, the position function is s(t) = -16t^2 + 80t + 10.",
    "output_tokens": 285,
    "stop_reason": 2
  },
  {
    "input_tokens": 0,
    "output_text": "\n\nArtificial intelligence (AI) has come a long way since its inception in the 1950s. Here are some of the major milestones in the development of AI from 1950 to 2020:\n\n1950-1960s: The birth of AI\n\nThe term \"artificial intelligence\" was first coined in 1956 by John McCarthy, who also organized the Dartmouth Conference, where the field of AI was officially born. During this time, researchers began to explore the possibilities of creating machines that could think and reason like humans.\n\n1970s: Expert systems\n\nIn the 1970s, expert systems emerged as a major area of AI research. These systems were designed to mimic the decision-making abilities of human experts in specific domains, such as medicine or finance. One of the most famous expert systems was MYCIN, which was developed at Stanford University and could diagnose and treat blood infections.\n\n1980s: Neural networks\n\nThe 1980s saw the rise of neural networks, which are computer systems modeled after the human brain. These networks are designed to learn from data and improve their performance over time. One of the most significant breakthroughs in this area was the backpropagation algorithm, which allowed neural networks to be trained more efficiently.\n\n1990s: The rise of the internet\n\nThe rise of the internet in the 1990s had a significant impact on the development of AI. The internet provided a vast amount of data that could be used to train AI systems, and it also enabled the development of new AI applications, such as web search engines and recommendation systems.\n\n2000s: The advent of machine learning\n\nThe 2000s saw the rise of machine learning, which is a subset of AI that focuses on the development of algorithms that can learn from data. Machine learning has become one of the most important areas of AI research, and it has led to the development of many of the most advanced AI systems in use today, such as self-driving cars and virtual assistants.\n\n2010s: Deep learning and AI breakthroughs\n\nThe 2010s saw the rise of deep learning, which is a type of machine learning that uses neural networks with many layers. Deep learning has led to many breakthroughs in AI, including the development of image and speech recognition systems that are nearly as good as humans. In 2016, AlphaGo, a deep learning system developed by Google, defeated the world champion of the board game Go, marking a major milestone in AI research.\n\n2020s: The future of AI\n\nThe future of AI is likely to be shaped by continued advances in machine learning, as well as the development of new AI applications in areas such as healthcare, transportation, and finance. AI is also likely to become increasingly integrated into our daily lives, as more and more devices and systems become connected to the internet and to each other.",
    "output_tokens": 663,
    "stop_reason": 2
  }
]
