{
  "input_tokens": 0,
  "output_text": "",
  "output_tokens": 1000,
  "stop_reason": 1
}
