"max_sequence_length: 2048\nmax_new_tokens: 1024\n"
