{
  "finish_reason": "length",
  "index": 0,
  "logprobs": null,
  "prompt_logprobs": null,
  "stop_reason": null,
  "text": "\n\n```python\nfrom operator import itemgetter\nlst = [1,"
}
