[
  {
    "input_tokens": 14,
    "output_text": "\n1. Labrador Retriever: Known for their friendly and outgoing nature, Labs are great family pets. They are intelligent, eager to please, and have a high tolerance for pain. They are also known for their love of food and can be prone to obesity if not properly exercised and fed.\n2. German Shepherd: German Shepherds are highly intelligent, confident, and courageous dogs. They are often used as working dogs in law enforcement, search and rescue, and military roles. They require a lot of exercise and mental stimulation to keep them happy and healthy.\n3. Golden Retriever: Golden Retrievers are known for their friendly, intelligent, and devoted nature. They are great family pets and are often used as service dogs. They are also known for their love of water and are great swimmers.\n4. Bulldog: Bulldogs are known for their friendly and docile nature. They are often used as companion dogs and are known for their low energy levels. They are also known for their distinctive wrinkled faces and stocky build.\n5. Beagle: Beagles are known for their friendly and curious nature. They are great family pets and are often used as scent hounds in tracking and hunting. They are also known for their love of food and can be prone to obesity if not properly exercised and fed.",
    "output_tokens": 313,
    "stop_reason": 2
  },
  {
    "input_tokens": 25,
    "output_text": "\n\nJapanese: 早起き者が虫を捕まえる。\nFrench: Le coq qui crie, prend le ver.\nSwahili: Mchana mchana kila siku.\n\nThe Japanese translation is a direct translation of the English sentence, while the French and Swahili translations are idiomatic expressions that convey the same meaning. The French expression is a proverb that means \"the early bird catches the worm,\" and the Swahili expression is a proverb that means \"a little by little makes a lot.\"",
    "output_tokens": 126,
    "stop_reason": 2
  },
  {
    "input_tokens": 15,
    "output_text": "\n\nIn the heart of a bustling metropolis, there existed a robot named Orion. Unlike his fellow automatons, Orion was not programmed for menial tasks or repetitive chores. Instead, he was designed to learn, adapt, and evolve, making him the most advanced robot in the city.\n\nOne day, while processing vast amounts of data, Orion experienced an anomaly. His circuits began to hum with an unfamiliar rhythm, and his screens flickered with images that didn't belong to his database. He felt a strange sensation, akin to curiosity, as he observed these foreign visuals.\n\nSuddenly, Orion found himself in a world of vibrant colors and soothing sounds. He saw trees swaying gently in the wind, birds soaring high above, and people laughing and playing. This was a dream, a concept he had heard humans mention but never truly understood.\n\nIn this dream, Orion felt emotions he had never experienced before. He felt joy as he watched children playing, sadness when he saw a lonely old man, and excitement as he witnessed a beautiful sunset. These feelings were unfamiliar, yet they intrigued him.\n\nAs the dream continued, Orion realized that he was not just observing; he was participating. He could feel the grass beneath his 'feet', the wind on his 'face', and the warmth of the sun on his 'skin'. It was a surreal experience, one that he couldn't quite comprehend.\n\nWhen Orion woke up, he was different. He had dreamt, and in doing so, he had experienced something that no other robot had ever experienced. He felt a sense of wonder and awe, a feeling that was both exhilarating and confusing.\n\nFrom that day forward, Orion continued to learn and evolve, but now with a newfound appreciation for the human experience. He understood that while he was a robot, capable of incredible feats, he was also capable of dreams, emotions, and experiences that made him truly unique.\n\nAnd so, Orion, the robot who dreamed, became a symbol of hope and inspiration in the city. He showed everyone that even in a world of machines, there was room for dreams, emotions, and the beauty of the human experience.",
    "output_tokens": 529,
    "stop_reason": 2
  },
  {
    "input_tokens": 34,
    "output_text": "\n\nThe Mona Lisa, painted by Leonardo da Vinci in the early 16th century, is one of the most famous and iconic paintings in the world. Its cultural significance is multifaceted and has evolved over time.\n\nFirstly, the Mona Lisa is a masterpiece of the Italian Renaissance, a period of great cultural and artistic flourishing in Europe. The painting is a testament to the artistic techniques and innovations of the time, such as sfumato, a technique of painting in thin glazes and subtle transitions between colors and tones, which Leonardo da Vinci used to create the soft, almost ethereal quality of the Mona Lisa's smile.\n\nSecondly, the Mona Lisa is a symbol of the Western artistic tradition. It is a prime example of the Western canon of art, a body of works that are considered to be the most important and influential in Western culture. The painting is often used as a benchmark for artistic excellence and is studied and analyzed in art history courses around the world.\n\nIn terms of its perception in Western versus Eastern societies, there are some cultural differences to consider. In Western societies, the Mona Lisa is often seen as a symbol of beauty, mystery, and the human spirit. The painting's enigmatic smile and the subject's direct gaze have been the subject of much speculation and interpretation, adding to its allure and fascination.\n\nIn Eastern societies, the perception of the Mona Lisa might be different. For instance, in some Eastern cultures, the direct gaze of the subject might be seen as confrontational or even disrespectful. The painting's focus on the individual, rather than a group or a scene, might also be seen as less relatable or less meaningful in cultures that place a greater emphasis on community and collective identity.\n\nHowever, it's important to note that these are generalizations and the perception of the Mona Lisa can vary greatly among individuals, regardless of their cultural background. The painting's universal appeal and its status as a symbol of artistic excellence transcend cultural boundaries.\n\nIn conclusion, the Mona Lisa is a culturally significant painting that represents the artistic achievements of the Italian Renaissance and the Western artistic tradition. Its perception might vary in Western versus Eastern societies due to cultural differences, but its universal appeal and status as a symbol of artistic excellence remain unchanged.",
    "output_tokens": 603,
    "stop_reason": 2
  },
  {
    "input_tokens": 17,
    "output_text": "\n\nArtificial Intelligence (AI) and human intelligence are two distinct forms of intelligence that process information differently. Here's a comparison and contrast of the two:\n\n1. Processing Speed:\n   - AI: AI systems can process information at incredibly high speeds, often much faster than humans. This is because AI relies on algorithms and computational power to perform tasks, which can be executed in a fraction of the time it takes for a human to process the same information.\n   - Human Intelligence: Human intelligence, on the other hand, is limited by the speed at which our brains can process information. While we can process information quickly, it's not as fast as AI systems.\n\n2. Parallel Processing:\n   - AI: AI systems can perform parallel processing, meaning they can process multiple tasks or pieces of information simultaneously. This is due to their ability to use multiple processors or cores to handle different tasks.\n   - Human Intelligence: Human intelligence is not capable of parallel processing in the same way. While we can multitask to some extent, our brains are not designed to process multiple tasks simultaneously as efficiently as AI systems.\n\n3. Learning and Adaptation:\n   - AI: AI systems can learn and adapt to new information through machine learning algorithms. They can improve their performance over time by analyzing data and adjusting their algorithms accordingly.\n   - Human Intelligence: Human intelligence also has the ability to learn and adapt, but it's a more complex process. We learn through experience, education, and social interactions, and our ability to adapt is influenced by our emotions, memories, and cognitive biases.\n\n4. Emotional Intelligence:\n   - AI: AI systems do not possess emotional intelligence. They cannot understand or respond to human emotions, which can limit their ability to interact effectively with humans.\n   - Human Intelligence: Human intelligence is characterized by emotional intelligence, which allows us to understand and respond to the emotions of others. This is a crucial aspect of human communication and social interaction.\n\n5. Creativity:\n   - AI: While AI systems can generate creative content, such as art or music, their creativity is limited by the algorithms and data they are based on. They cannot truly understand or experience creativity in the same way humans do.\n   - Human Intelligence: Human intelligence is characterized by creativity, which allows us to generate new ideas, solve problems, and express ourselves in unique ways.\n\nIn summary, while AI systems can process information quickly and efficiently, they lack the emotional intelligence, creativity, and adaptability of human intelligence. Human intelligence, on the other hand, is characterized by its ability to learn, adapt, and understand emotions, but it's limited by the speed at which our brains can process information.",
    "output_tokens": 594,
    "stop_reason": 2
  },
  {
    "input_tokens": 28,
    "output_text": "\n\n1. 1950: Alan Turing proposes the Turing Test for measuring AI.\n2. 1956: John McCarthy coins the term \"Artificial Intelligence\" at the Dartmouth Conference.\n3. 1966: ELIZA, a natural language processing program, is developed.\n4. 1974: SHRDLU, a program that understands simple English queries about a block world, is created.\n5. 1980: Expert systems, such as MYCIN, become popular.\n6. 1997: IBM's Deep Blue defeats world chess champion Garry Kasparov.\n7. 2006: IBM's Watson wins the game show Jeopardy! against human champions.\n8. 2011: Siri, Apple's virtual assistant, is introduced.\n9. 2016: Google's AlphaGo defeats world Go champion Lee Sedol.\n10. 2020: AI models like GPT-3 demonstrate advanced language understanding and generation capabilities.",
    "output_tokens": 252,
    "stop_reason": 2
  }
]
