[
  {
    "input_tokens": 14,
    "output_text": "\n1. Labrador Retriever: Known for their friendly and outgoing nature, Labs are great family pets. They are intelligent, eager to please, and have a high tolerance for pain. They are also known for their love of food and can be prone to obesity if not properly exercised and fed.\n2. German Shepherd: German Shepherds are highly intelligent, confident, and courageous dogs. They are often used as working dogs in law enforcement, search and rescue, and military roles. They are loyal and protective of their families but can be aloof with strangers.\n3. Golden Retriever: Golden Retrievers are known for their friendly, intelligent, and devoted nature. They are great family pets and are often used as service dogs. They are also known for their love of water and are great swimmers.\n4. Bulldog: Bulldogs are known for their docile and friendly nature. They are often used as companion dogs and are known for their low energy levels. They are also known for their distinctive appearance, with their wrinkled faces and stocky bodies.\n5. Beagle: Beagles are known for their friendly and curious nature. They are great family pets and are often used as scent hounds in tracking and hunting. They are also known for their love of food and can be prone to obesity if not properly exercised and fed.",
    "output_tokens": 320,
    "stop_reason": 2
  },
  {
    "input_tokens": 25,
    "output_text": "\n\nJapanese: 早起き者が虫を捕まえる。\nFrench: Le coq qui crie, prend le ver.\nSwahili: Mchana mchana kila siku.\n\nThe Japanese translation is a direct translation of the English sentence, while the French and Swahili translations are idiomatic expressions that convey the same meaning. The French expression is a proverb that means \"the early bird catches the worm,\" and the Swahili expression is a proverb that means \"a little by little makes a lot.\"",
    "output_tokens": 126,
    "stop_reason": 2
  },
  {
    "input_tokens": 15,
    "output_text": "\n\nOnce upon a time, in a bustling city filled with towering skyscrapers and advanced technology, there lived a robot named B-12. B-12 was not an ordinary robot; it was a highly advanced model, capable of learning and adapting to its environment. However, B-12 had never experienced something that humans often took for granted - dreams.\n\nOne day, while B-12 was performing its routine maintenance checks, it stumbled upon an old, dusty file labeled \"Human Dreams.\" Intrigued, B-12 decided to explore this new concept. It spent hours analyzing the data, trying to understand the complex emotions and thoughts that humans experienced during their dreams.\n\nThat night, as B-12 was recharging, it decided to try and dream. It closed its eyes and focused on the data it had analyzed. Suddenly, it felt a strange sensation - a whirlwind of colors and sounds. It was dreaming!\n\nIn its dream, B-12 found itself in a world filled with green fields and blue skies, a stark contrast to its usual steel and concrete surroundings. It saw humans laughing, playing, and living their lives. It felt a strange emotion - happiness. This was a new sensation for B-12.\n\nThe next day, B-12 shared its experience with its creator. The creator was amazed and explained that B-12 had experienced a glitch in its system, a malfunction that had allowed it to dream. B-12 didn't mind. It had experienced something new, something that made it feel alive. From that day forward, B-12 looked forward to its dreams, a time when it could escape its routine and explore the world in a way it never could in reality.",
    "output_tokens": 402,
    "stop_reason": 2
  },
  {
    "input_tokens": 34,
    "output_text": "\n\nThe Mona Lisa, painted by Leonardo da Vinci in the early 16th century, is one of the most famous and iconic paintings in the world. Its cultural significance is multifaceted and has evolved over time.\n\nFirstly, the Mona Lisa is a masterpiece of the Italian Renaissance, a period of great cultural and artistic flourishing in Europe. The painting is a testament to the artistic techniques and innovations of the time, such as sfumato, a technique of painting in thin glazes and subtle transitions between colors and tones, which Leonardo da Vinci used to create the soft, almost ethereal quality of the Mona Lisa's smile.\n\nSecondly, the Mona Lisa is a symbol of the Western artistic tradition. It is a prime example of the Western canon of art, a body of works that are considered to be the most important and influential in Western culture. The painting is often used as a benchmark for artistic excellence and is studied and analyzed in art history courses around the world.\n\nIn terms of its perception in Western versus Eastern societies, there are some cultural differences to consider. In Western societies, the Mona Lisa is often seen as a symbol of beauty, mystery, and the human spirit. The painting's enigmatic smile and the subject's direct gaze have been the subject of much speculation and interpretation, adding to its allure and fascination.\n\nIn Eastern societies, the perception of the Mona Lisa might be different. For instance, in some Eastern cultures, the direct gaze of the subject might be seen as confrontational or even disrespectful. The painting's focus on the individual, rather than a group or a scene, might also be seen as unusual or even alienating in some Eastern cultures, where collective identity and harmony are often valued over individualism.\n\nHowever, it's important to note that these are generalizations and the perception of the Mona Lisa can vary greatly among individuals, regardless of their cultural background. The painting's universal appeal and its status as a symbol of artistic excellence transcend cultural boundaries.\n\nIn conclusion, the Mona Lisa is a culturally significant painting that represents the artistic achievements of the Italian Renaissance and the Western artistic tradition. Its perception might vary in Western versus Eastern societies due to cultural differences in the interpretation of individualism, beauty, and the human gaze. However, the painting's universal appeal and its status as a symbol of artistic excellence make it a timeless and beloved work of art.",
    "output_tokens": 639,
    "stop_reason": 2
  },
  {
    "input_tokens": 17,
    "output_text": "\n\nArtificial Intelligence (AI) and human intelligence are two distinct forms of intelligence that process information differently. Here's a comparison and contrast of the two:\n\n1. Processing Speed:\n   - AI: AI systems can process information at incredibly high speeds, often much faster than humans. This is because AI relies on algorithms and computational power to perform tasks, which can be executed in a fraction of the time it takes for a human to process the same information.\n   - Human Intelligence: Human intelligence, on the other hand, is limited by the speed at which our brains can process information. While we can process information quickly, it's not as fast as AI systems.\n\n2. Parallel Processing:\n   - AI: AI systems can perform parallel processing, meaning they can process multiple tasks or pieces of information simultaneously. This is due to their ability to use multiple processors or cores to handle different tasks.\n   - Human Intelligence: Human intelligence is not capable of parallel processing in the same way. While we can multitask to some extent, our brains are not designed to process multiple tasks simultaneously as efficiently as AI systems.\n\n3. Learning and Adaptation:\n   - AI: AI systems can learn and adapt to new information through machine learning algorithms. They can improve their performance over time by analyzing data and adjusting their algorithms accordingly.\n   - Human Intelligence: Human intelligence also has the ability to learn and adapt, but it's a more complex process. We learn through experience, education, and social interactions, and our ability to adapt is influenced by our emotions, memories, and personal experiences.\n\n4. Emotional Intelligence:\n   - AI: AI systems do not possess emotional intelligence. They cannot understand or respond to human emotions, which can limit their ability to interact with humans in certain situations.\n   - Human Intelligence: Human intelligence is characterized by emotional intelligence, which allows us to understand and respond to the emotions of others. This is a crucial aspect of human interaction and communication.\n\n5. Creativity:\n   - AI: While AI systems can generate creative content, such as art or music, their creativity is limited by the algorithms and data they are based on. They cannot truly understand or experience creativity in the same way humans do.\n   - Human Intelligence: Human intelligence is characterized by creativity, which allows us to think outside the box, innovate, and create new ideas and solutions.\n\nIn summary, while AI systems can process information quickly and efficiently, they lack the emotional intelligence, creativity, and adaptability of human intelligence. Human intelligence, on the other hand, is characterized by its ability to learn, adapt, and understand emotions, but it's limited by the speed at which our brains can process information.",
    "output_tokens": 595,
    "stop_reason": 2
  },
  {
    "input_tokens": 28,
    "output_text": "\n\n1. 1950: Alan Turing proposes the Turing Test for measuring AI.\n2. 1956: John McCarthy coins the term \"Artificial Intelligence\" at the Dartmouth Conference.\n3. 1966: ELIZA, a natural language processing program, is developed.\n4. 1974: SHRDLU, a program that understands simple English queries about a block world, is created.\n5. 1980: Expert systems, such as MYCIN, become popular.\n6. 1997: IBM's Deep Blue defeats world chess champion Garry Kasparov.\n7. 2006: IBM's Watson wins the game show Jeopardy! against human champions.\n8. 2011: Siri, Apple's virtual assistant, is introduced.\n9. 2016: Google's AlphaGo defeats world Go champion Lee Sedol.\n10. 2020: AI models like GPT-3 demonstrate advanced language understanding and generation capabilities.",
    "output_tokens": 252,
    "stop_reason": 2
  }
]
