{
  "input_tokens": 16,
  "output_text": "。\n桜の木は、桜の花が咲くと、葉が出る。葉が出ると、桜の木は、葉を落とす。葉を落とすと、桜の木は、芽を出す。芽を出すと、桜の木は、芽を落とす。芽を落とすと、桜の木は、枝を伸ばす。枝を伸ばすと、桜の木は、枝を落とす。枝を落とすと、桜の木は、花を咲かせる。\n桜の木は、花を咲かせると、葉が出る。葉が出ると、桜の木は、葉を落とす。葉を落とすと、桜の木は、芽を出す。芽を出すと、桜の木は、芽を落とす。芽を落とすと、桜の木は、枝を伸ばす。枝を伸ばすと、桜の木は、枝を落とす。枝を落とすと、桜の木は、花を咲かせる。\n桜の木は、花を咲かせると、葉が出る。葉が出ると、桜の木は、葉を落とす。葉を落とすと、桜の木は、芽を出す。芽を出すと、桜の木は、芽を落とす。芽を落とすと、桜の木は、枝を伸ばす。枝を伸ばすと、桜の木は、枝を落とす。枝を落とすと、桜の木は、花を咲かせる。\n桜の木は、花を咲かせると、葉が出る。葉が出ると、桜の木は、葉を落とす。葉を落とすと、桜の木は、芽を出す。芽を出すと、桜の木は、芽を落とす。芽を落とすと、桜の木は、枝を伸ばす。枝を伸ばすと、桜の木は、枝を落とす。枝を落とすと、桜の木は、花を咲かせる。\n桜の木は、花を咲かせると、葉が出る。葉が出ると、桜の木は、葉を落とす。葉を落とすと、桜の木は、芽を出す。芽を出すと、桜の木は、芽を落とす。芽を落とすと、桜の木は、枝を伸ばす。枝を伸ばすと、桜の木は、枝を落とす。枝を落とすと、桜の木は、花を咲かせる。\n桜の木は、花を咲かせると、葉が出る。葉が出ると、桜の木は、葉を落とす。葉を落とすと、桜の木は、芽を出す。芽を出すと、桜の木は、芽を落とす。芽を落とすと、桜の木は、枝を伸ばす。",
  "output_tokens": 1000,
  "stop_reason": 1
}
