{
  "finish_reason": "length",
  "index": 0,
  "logprobs": null,
  "prompt_logprobs": null,
  "stop_reason": null,
  "text": "前に、さくらんぼの話をします"
}
